// Jest Snapshot v1, https://goo.gl/fbAQLP

exports[`<Post /> should render the Post 1`] = `
.c3 {
  display: inline-block;
  vertical-align: middle;
  overflow: hidden;
}

.c4 {
  width: 1rem;
  color: #2D2529;
}

.c6 {
  width: 1.5rem;
  color: #2D2529;
}

.c0 {
  width: 90%;
  margin: 2rem auto 0;
}

.c7 {
  color: #7A0041;
  font-family: Montserrat,sans-serif;
  font-size: 2.8rem;
  font-weight: 800;
}

.c1 {
  display: -webkit-box;
  display: -webkit-flex;
  display: -ms-flexbox;
  display: flex;
  -webkit-box-pack: start;
  -webkit-justify-content: flex-start;
  -ms-flex-pack: start;
  justify-content: flex-start;
  -webkit-flex-wrap: wrap;
  -ms-flex-wrap: wrap;
  flex-wrap: wrap;
  gap: 0.5rem 1.5rem;
}

.c2 {
  color: #2D2529;
  font-family: Merriweather,serif;
  font-size: 1.2rem;
  font-weight: 300;
  display: -webkit-box;
  display: -webkit-flex;
  display: -ms-flexbox;
  display: flex;
  -webkit-align-items: center;
  -webkit-box-align: center;
  -ms-flex-align: center;
  align-items: center;
  gap: 0.3rem;
}

.c5 {
  color: #2D2529;
  font-family: Merriweather,serif;
  font-size: 1.2rem;
  font-weight: 300;
  display: -webkit-box;
  display: -webkit-flex;
  display: -ms-flexbox;
  display: flex;
  -webkit-align-items: center;
  -webkit-box-align: center;
  -ms-flex-align: center;
  align-items: center;
  gap: 0.3rem;
}

.c8 {
  margin-top: 5rem;
}

.c8 h1,
.c8 h2,
.c8 h3,
.c8 h4,
.c8 h5,
.c8 h6 {
  color: #2D2529;
  font-family: Merriweather,serif;
  font-weight: 700;
  margin: 2rem auto 1rem;
}

.c8 h1 {
  font-size: 2.8rem;
}

.c8 h2 {
  font-size: 2.4rem;
}

.c8 h3 {
  font-size: 2.2rem;
}

.c8 h4,
.c8 h5,
.c8 h6 {
  font-size: 2.0rem;
}

.c8 p {
  margin: 0 auto 1.75rem;
  color: #2D2529;
  font-family: Merriweather,serif;
  font-size: 1.6rem;
  font-weight: 400;
  word-wrap: break-word;
  line-height: 2.75rem;
  -webkit-letter-spacing: 0.05rem;
  -moz-letter-spacing: 0.05rem;
  -ms-letter-spacing: 0.05rem;
  letter-spacing: 0.05rem;
}

.c8 a {
  color: #7A0041;
  font-family: Merriweather,serif;
  font-size: 1.6rem;
  font-weight: 400;
  -webkit-transition: text-decoration 0.4s ease-in-out;
  transition: text-decoration 0.4s ease-in-out;
}

.c8 a:hover {
  -webkit-text-decoration: none;
  text-decoration: none;
}

.c8 span {
  color: #2D2529;
  font-family: Merriweather,serif;
  font-size: 1.4rem;
  font-weight: 400;
}

.c8 li,
.c8 ol,
.c8 ul {
  color: #2D2529;
  font-family: Merriweather,serif;
  font-size: 1.4rem;
  font-weight: 400;
  line-height: 2.3rem;
  -webkit-letter-spacing: 0.025rem;
  -moz-letter-spacing: 0.025rem;
  -ms-letter-spacing: 0.025rem;
  letter-spacing: 0.025rem;
}

.c8 ul,
.c8 ol {
  width: 90%;
  margin: 1.5rem auto;
}

.c8 li {
  margin: 1.5rem auto;
}

.c8 figcaption {
  color: #2D2529;
  font-family: Merriweather,serif;
  font-size: 1.0rem;
  font-weight: 300;
  margin-bottom: 1.5rem;
}

.c8 img {
  object-fit: contain;
  max-width: 100%;
}

.c8 td {
  color: #2D2529;
  font-family: Merriweather,serif;
}

<div
  class="c0"
>
  <div
    class="c1"
  >
    <time
      class="c2"
    >
      <svg
        aria-hidden="true"
        class="c3 c4"
        fill="currentColor"
        focusable="false"
        viewBox="0 0 16 16"
        xmlns="http://www.w3.org/2000/svg"
      >
        <path
          d="M14 0H2a2 2 0 0 0-2 2v12a2 2 0 0 0 2 2h12a2 2 0 0 0 2-2V2a2 2 0 0 0-2-2zM1 3.857C1 3.384 1.448 3 2 3h12c.552 0 1 .384 1 .857v10.286c0 .473-.448.857-1 .857H2c-.552 0-1-.384-1-.857V3.857z"
        />
        <path
          d="M6.5 7a1 1 0 1 0 0-2 1 1 0 0 0 0 2zm3 0a1 1 0 1 0 0-2 1 1 0 0 0 0 2zm3 0a1 1 0 1 0 0-2 1 1 0 0 0 0 2zm-9 3a1 1 0 1 0 0-2 1 1 0 0 0 0 2zm3 0a1 1 0 1 0 0-2 1 1 0 0 0 0 2zm3 0a1 1 0 1 0 0-2 1 1 0 0 0 0 2zm3 0a1 1 0 1 0 0-2 1 1 0 0 0 0 2zm-9 3a1 1 0 1 0 0-2 1 1 0 0 0 0 2zm3 0a1 1 0 1 0 0-2 1 1 0 0 0 0 2zm3 0a1 1 0 1 0 0-2 1 1 0 0 0 0 2z"
        />
      </svg>
       
    </time>
    <span
      class="c5"
    >
      <svg
        aria-hidden="true"
        class="c3 c6"
        fill="currentColor"
        focusable="false"
        viewBox="0 0 24 24"
        xmlns="http://www.w3.org/2000/svg"
      >
        <path
          d="m20.145 8.27 1.563-1.563-1.414-1.414L18.586 7c-1.05-.63-2.274-1-3.586-1-3.859 0-7 3.14-7 7s3.141 7 7 7 7-3.14 7-7a6.966 6.966 0 0 0-1.855-4.73zM15 18c-2.757 0-5-2.243-5-5s2.243-5 5-5 5 2.243 5 5-2.243 5-5 5z"
        />
        <path
          d="M14 10h2v4h-2zm-1-7h4v2h-4zM3 8h4v2H3zm0 8h4v2H3zm-1-4h3.99v2H2z"
        />
      </svg>
       
       min. de leitura
    </span>
  </div>
  <h1
    class="c7"
  />
  <section
    class="c8"
  />
</div>
`;
